13:39:08 **** Incremental Build of configuration Debug for project RED_YELLOW_SWITCHING ****
make -j16 all 
arm-none-eabi-gcc "../Core/Src/main.c" -mcpu=cortex-m3 -std=gnu11 -g3 -DDEBUG -DUSE_HAL_DRIVER -DSTM32F103x6 -c -I../Core/Inc -I../Drivers/STM32F1xx_HAL_Driver/Inc/Legacy -I../Drivers/STM32F1xx_HAL_Driver/Inc -I../Drivers/CMSIS/Device/ST/STM32F1xx/Include -I../Drivers/CMSIS/Include -O0 -ffunction-sections -fdata-sections -Wall -fstack-usage -fcyclomatic-complexity -MMD -MP -MF"Core/Src/main.d" -MT"Core/Src/main.o" --specs=nano.specs -mfloat-abi=soft -mthumb -o "Core/Src/main.o"
arm-none-eabi-gcc -o "RED_YELLOW_SWITCHING.elf" @"objects.list"   -mcpu=cortex-m3 -T"D:\CubeIDE_Workspace\Lab1_Ex1\RED_YELLOW_SWITCHING\STM32F103C6UX_FLASH.ld" --specs=nosys.specs -Wl,-Map="RED_YELLOW_SWITCHING.map" -Wl,--gc-sections -static --specs=nano.specs -mfloat-abi=soft -mthumb -Wl,--start-group -lc -lm -Wl,--end-group
Finished building target: RED_YELLOW_SWITCHING.elf
 
arm-none-eabi-size  RED_YELLOW_SWITCHING.elf 
arm-none-eabi-objdump -h -S RED_YELLOW_SWITCHING.elf  > "RED_YELLOW_SWITCHING.list"
   text	   data	    bss	    dec	    hex	filename
   4596	     12	   1572	   6180	   1824	RED_YELLOW_SWITCHING.elf
arm-none-eabi-objcopy  -O ihex RED_YELLOW_SWITCHING.elf  "RED_YELLOW_SWITCHING.hex"
Finished building: default.size.stdout
arm-none-eabi-objcopy  -O binary RED_YELLOW_SWITCHING.elf  "RED_YELLOW_SWITCHING.bin"
 
Finished building: RED_YELLOW_SWITCHING.hex
Finished building: RED_YELLOW_SWITCHING.list
 
Finished building: RED_YELLOW_SWITCHING.bin
 
 

13:39:08 Build Finished. 0 errors, 0 warnings. (took 579ms)

